// Jest Snapshot v1, https://goo.gl/fbAQLP

exports[`Steps component should render 1`] = `
<DocumentFragment>
  <ul
    class="steps"
  >
    <li
      class="step-item"
    >
      <div
        class="step-marker"
      >
        1
      </div>
    </li>
    <li
      class="step-item"
    >
      <div
        class="step-marker"
      >
        2
      </div>
      <div
        class="step-details"
      >
        <div
          class="step-title"
        >
          Step 2
        </div>
        <p>
          This is the second step. You get here once you have completed the first step.
        </p>
      </div>
    </li>
    <li
      class="step-item"
    >
      <div
        class="step-marker"
      >
        3
      </div>
    </li>
  </ul>
</DocumentFragment>
`;
