// Jest Snapshot v1, https://goo.gl/fbAQLP

exports[`ReactBulmaComponents component should Exports all components 1`] = `
Object {
  "Box": Object {
    "$$typeof": Symbol(react.forward_ref),
    "defaultProps": Object {
      "clearfix": false,
      "clipped": false,
      "hidden": false,
      "invisible": false,
      "italic": false,
      "overlay": false,
      "radiusless": false,
      "relative": false,
      "scrolless": false,
      "shadowless": false,
      "unselectable": false,
    },
    "displayName": "Box",
    "render": [Function],
  },
  "Breadcrumb": Object {
    "$$typeof": Symbol(react.forward_ref),
    "defaultProps": Object {
      "as": "a",
      "clearfix": false,
      "clipped": false,
      "hidden": false,
      "hrefAttr": "href",
      "invisible": false,
      "italic": false,
      "items": Array [],
      "overlay": false,
      "radiusless": false,
      "relative": false,
      "scrolless": false,
      "shadowless": false,
      "unselectable": false,
    },
    "displayName": "Breadcrumb",
    "render": [Function],
  },
  "Button": Object {
    "$$typeof": Symbol(react.forward_ref),
    "defaultProps": Object {
      "as": "button",
      "clearfix": false,
      "clipped": false,
      "fullwidth": false,
      "hidden": false,
      "inactive": false,
      "inverted": false,
      "invisible": false,
      "italic": false,
      "loading": false,
      "outlined": false,
      "overlay": false,
      "radiusless": false,
      "relative": false,
      "remove": false,
      "reset": false,
      "rounded": false,
      "scrolless": false,
      "selected": false,
      "shadowless": false,
      "submit": false,
      "text": false,
      "unselectable": false,
    },
    "displayName": "Button",
    "render": [Function],
  },
  "ButtonGroup": Object {
    "$$typeof": Symbol(react.forward_ref),
    "defaultProps": Object {
      "clearfix": false,
      "clipped": false,
      "hasAddons": false,
      "hidden": false,
      "invisible": false,
      "italic": false,
      "overlay": false,
      "radiusless": false,
      "relative": false,
      "scrolless": false,
      "shadowless": false,
      "unselectable": false,
    },
    "displayName": "ButtonGroup",
    "render": [Function],
  },
  "Card": Object {
    "$$typeof": Symbol(react.forward_ref),
    "defaultProps": Object {
      "clearfix": false,
      "clipped": false,
      "hidden": false,
      "invisible": false,
      "italic": false,
      "overlay": false,
      "radiusless": false,
      "relative": false,
      "scrolless": false,
      "shadowless": false,
      "unselectable": false,
    },
    "displayName": "Card",
    "render": [Function],
  },
  "CardContent": Object {
    "$$typeof": Symbol(react.forward_ref),
    "defaultProps": Object {
      "clearfix": false,
      "clipped": false,
      "hidden": false,
      "invisible": false,
      "italic": false,
      "overlay": false,
      "radiusless": false,
      "relative": false,
      "scrolless": false,
      "shadowless": false,
      "unselectable": false,
    },
    "displayName": "CardContent",
    "render": [Function],
  },
  "CardFooter": Object {
    "$$typeof": Symbol(react.forward_ref),
    "defaultProps": Object {
      "as": "footer",
      "clearfix": false,
      "clipped": false,
      "hidden": false,
      "invisible": false,
      "italic": false,
      "overlay": false,
      "radiusless": false,
      "relative": false,
      "scrolless": false,
      "shadowless": false,
      "unselectable": false,
    },
    "displayName": "CardFooter",
    "render": [Function],
  },
  "CardFooterItem": Object {
    "$$typeof": Symbol(react.forward_ref),
    "defaultProps": Object {
      "as": "a",
      "clearfix": false,
      "clipped": false,
      "hidden": false,
      "invisible": false,
      "italic": false,
      "overlay": false,
      "radiusless": false,
      "relative": false,
      "scrolless": false,
      "shadowless": false,
      "unselectable": false,
    },
    "displayName": "CardFooterItem",
    "render": [Function],
  },
  "CardHeader": Object {
    "$$typeof": Symbol(react.forward_ref),
    "defaultProps": Object {
      "as": "header",
      "clearfix": false,
      "clipped": false,
      "hidden": false,
      "invisible": false,
      "italic": false,
      "overlay": false,
      "radiusless": false,
      "relative": false,
      "scrolless": false,
      "shadowless": false,
      "unselectable": false,
    },
    "displayName": "CardHeader",
    "render": [Function],
  },
  "CardHeaderIcon": Object {
    "$$typeof": Symbol(react.forward_ref),
    "defaultProps": Object {
      "as": "a",
      "clearfix": false,
      "clipped": false,
      "hidden": false,
      "invisible": false,
      "italic": false,
      "overlay": false,
      "radiusless": false,
      "relative": false,
      "scrolless": false,
      "shadowless": false,
      "unselectable": false,
    },
    "displayName": "CardHeaderIcon",
    "render": [Function],
  },
  "CardHeaderTitle": Object {
    "$$typeof": Symbol(react.forward_ref),
    "defaultProps": Object {
      "as": "p",
      "clearfix": false,
      "clipped": false,
      "hidden": false,
      "invisible": false,
      "italic": false,
      "overlay": false,
      "radiusless": false,
      "relative": false,
      "scrolless": false,
      "shadowless": false,
      "unselectable": false,
    },
    "displayName": "CardHeaderTitle",
    "render": [Function],
  },
  "CardImage": Object {
    "$$typeof": Symbol(react.forward_ref),
    "defaultProps": Object {
      "clearfix": false,
      "clipped": false,
      "fullWidth": false,
      "hidden": false,
      "invisible": false,
      "italic": false,
      "overlay": false,
      "radiusless": false,
      "relative": false,
      "rounded": false,
      "scrolless": false,
      "shadowless": false,
      "unselectable": false,
    },
    "displayName": "CardImage",
    "render": [Function],
  },
  "Checkbox": Object {
    "$$typeof": Symbol(react.forward_ref),
    "defaultProps": Object {
      "checked": false,
      "clearfix": false,
      "clipped": false,
      "hidden": false,
      "indeterminate": false,
      "invisible": false,
      "italic": false,
      "overlay": false,
      "radiusless": false,
      "relative": false,
      "scrolless": false,
      "shadowless": false,
      "unselectable": false,
    },
    "displayName": "Checkbox",
    "render": [Function],
  },
  "Column": Object {
    "$$typeof": Symbol(react.forward_ref),
    "defaultProps": Object {
      "clearfix": false,
      "clipped": false,
      "hidden": false,
      "invisible": false,
      "italic": false,
      "narrow": false,
      "overlay": false,
      "radiusless": false,
      "relative": false,
      "scrolless": false,
      "shadowless": false,
      "unselectable": false,
    },
    "displayName": "Column",
    "render": [Function],
  },
  "Columns": Object {
    "$$typeof": Symbol(react.forward_ref),
    "defaultProps": Object {
      "centered": false,
      "clearfix": false,
      "clipped": false,
      "gapless": false,
      "hidden": false,
      "invisible": false,
      "italic": false,
      "multiline": false,
      "overlay": false,
      "radiusless": false,
      "relative": false,
      "scrolless": false,
      "shadowless": false,
      "unselectable": false,
    },
    "displayName": "Columns",
    "render": [Function],
  },
  "Container": Object {
    "$$typeof": Symbol(react.forward_ref),
    "defaultProps": Object {
      "clearfix": false,
      "clipped": false,
      "fluid": false,
      "hidden": false,
      "invisible": false,
      "italic": false,
      "overlay": false,
      "radiusless": false,
      "relative": false,
      "scrolless": false,
      "shadowless": false,
      "unselectable": false,
    },
    "displayName": "Container",
    "render": [Function],
  },
  "Content": Object {
    "$$typeof": Symbol(react.forward_ref),
    "defaultProps": Object {
      "clearfix": false,
      "clipped": false,
      "hidden": false,
      "invisible": false,
      "italic": false,
      "overlay": false,
      "radiusless": false,
      "relative": false,
      "scrolless": false,
      "shadowless": false,
      "unselectable": false,
    },
    "displayName": "Content",
    "render": [Function],
  },
  "Control": Object {
    "$$typeof": Symbol(react.forward_ref),
    "defaultProps": Object {
      "clearfix": false,
      "clipped": false,
      "expanded": false,
      "hidden": false,
      "iconLeft": false,
      "iconRight": false,
      "invisible": false,
      "italic": false,
      "loading": false,
      "overlay": false,
      "radiusless": false,
      "relative": false,
      "scrolless": false,
      "shadowless": false,
      "unselectable": false,
    },
    "displayName": "Control",
    "render": [Function],
  },
  "Dropdown": Object {
    "$$typeof": Symbol(react.forward_ref),
    "defaultProps": Object {
      "children": Array [],
      "clearfix": false,
      "clipped": false,
      "hidden": false,
      "invisible": false,
      "italic": false,
      "label": "",
      "overlay": false,
      "radiusless": false,
      "relative": false,
      "scrolless": false,
      "shadowless": false,
      "unselectable": false,
      "value": null,
    },
    "displayName": "Dropdown",
    "render": [Function],
  },
  "DropdownDivider": Object {
    "$$typeof": Symbol(react.forward_ref),
    "defaultProps": Object {
      "clearfix": false,
      "clipped": false,
      "hidden": false,
      "invisible": false,
      "italic": false,
      "overlay": false,
      "radiusless": false,
      "relative": false,
      "scrolless": false,
      "shadowless": false,
      "unselectable": false,
    },
    "displayName": "DropdownDivider",
    "render": [Function],
  },
  "DropdownItem": Object {
    "$$typeof": Symbol(react.forward_ref),
    "defaultProps": Object {
      "active": false,
      "as": "a",
      "clearfix": false,
      "clipped": false,
      "hidden": false,
      "invisible": false,
      "italic": false,
      "overlay": false,
      "radiusless": false,
      "relative": false,
      "scrolless": false,
      "shadowless": false,
      "unselectable": false,
    },
    "displayName": "DropdownItem",
    "render": [Function],
  },
  "Element": Object {
    "$$typeof": Symbol(react.forward_ref),
    "defaultProps": Object {
      "as": "div",
      "clearfix": false,
      "clipped": false,
      "hidden": false,
      "invisible": false,
      "italic": false,
      "overlay": false,
      "radiusless": false,
      "relative": false,
      "scrolless": false,
      "shadowless": false,
      "unselectable": false,
    },
    "displayName": "Element",
    "render": [Function],
  },
  "Field": Object {
    "$$typeof": Symbol(react.forward_ref),
    "defaultProps": Object {
      "clearfix": false,
      "clipped": false,
      "hidden": false,
      "horizontal": false,
      "invisible": false,
      "italic": false,
      "multiline": false,
      "overlay": false,
      "radiusless": false,
      "relative": false,
      "scrolless": false,
      "shadowless": false,
      "unselectable": false,
    },
    "displayName": "Field",
    "render": [Function],
  },
  "FieldBody": Object {
    "$$typeof": Symbol(react.forward_ref),
    "defaultProps": Object {
      "clearfix": false,
      "clipped": false,
      "hidden": false,
      "invisible": false,
      "italic": false,
      "overlay": false,
      "radiusless": false,
      "relative": false,
      "scrolless": false,
      "shadowless": false,
      "unselectable": false,
    },
    "displayName": "FieldBody",
    "render": [Function],
  },
  "FieldLabel": Object {
    "$$typeof": Symbol(react.forward_ref),
    "defaultProps": Object {
      "clearfix": false,
      "clipped": false,
      "hidden": false,
      "invisible": false,
      "italic": false,
      "overlay": false,
      "radiusless": false,
      "relative": false,
      "scrolless": false,
      "shadowless": false,
      "unselectable": false,
    },
    "displayName": "FieldLabel",
    "render": [Function],
  },
  "Footer": Object {
    "$$typeof": Symbol(react.forward_ref),
    "defaultProps": Object {
      "as": "footer",
      "clearfix": false,
      "clipped": false,
      "hidden": false,
      "invisible": false,
      "italic": false,
      "overlay": false,
      "radiusless": false,
      "relative": false,
      "scrolless": false,
      "shadowless": false,
      "unselectable": false,
    },
    "displayName": "Footer",
    "render": [Function],
  },
  "Help": Object {
    "$$typeof": Symbol(react.forward_ref),
    "defaultProps": Object {
      "as": "span",
      "clearfix": false,
      "clipped": false,
      "hidden": false,
      "invisible": false,
      "italic": false,
      "overlay": false,
      "radiusless": false,
      "relative": false,
      "scrolless": false,
      "shadowless": false,
      "unselectable": false,
    },
    "displayName": "Help",
    "render": [Function],
  },
  "Hero": Object {
    "$$typeof": Symbol(react.forward_ref),
    "defaultProps": Object {
      "as": "section",
      "clearfix": false,
      "clipped": false,
      "gradient": false,
      "hidden": false,
      "invisible": false,
      "italic": false,
      "overlay": false,
      "radiusless": false,
      "relative": false,
      "scrolless": false,
      "shadowless": false,
      "unselectable": false,
    },
    "displayName": "Hero",
    "render": [Function],
  },
  "HeroBody": Object {
    "$$typeof": Symbol(react.forward_ref),
    "defaultProps": Object {
      "clearfix": false,
      "clipped": false,
      "hidden": false,
      "invisible": false,
      "italic": false,
      "overlay": false,
      "radiusless": false,
      "relative": false,
      "scrolless": false,
      "shadowless": false,
      "unselectable": false,
    },
    "displayName": "HeroBody",
    "render": [Function],
  },
  "HeroFoot": Object {
    "$$typeof": Symbol(react.forward_ref),
    "defaultProps": Object {
      "clearfix": false,
      "clipped": false,
      "hidden": false,
      "invisible": false,
      "italic": false,
      "overlay": false,
      "radiusless": false,
      "relative": false,
      "scrolless": false,
      "shadowless": false,
      "unselectable": false,
    },
    "displayName": "HeroFoot",
    "render": [Function],
  },
  "HeroHead": Object {
    "$$typeof": Symbol(react.forward_ref),
    "defaultProps": Object {
      "clearfix": false,
      "clipped": false,
      "hidden": false,
      "invisible": false,
      "italic": false,
      "overlay": false,
      "radiusless": false,
      "relative": false,
      "scrolless": false,
      "shadowless": false,
      "unselectable": false,
    },
    "displayName": "HeroHead",
    "render": [Function],
  },
  "Icon": Object {
    "$$typeof": Symbol(react.forward_ref),
    "defaultProps": Object {
      "clearfix": false,
      "clipped": false,
      "hidden": false,
      "invisible": false,
      "italic": false,
      "overlay": false,
      "pack": "mdi",
      "radiusless": false,
      "relative": false,
      "scrolless": false,
      "shadowless": false,
      "size": "normal",
      "unselectable": false,
    },
    "displayName": "Icon",
    "render": [Function],
  },
  "Image": Object {
    "$$typeof": Symbol(react.forward_ref),
    "defaultProps": Object {
      "clearfix": false,
      "clipped": false,
      "fullWidth": false,
      "hidden": false,
      "invisible": false,
      "italic": false,
      "overlay": false,
      "radiusless": false,
      "relative": false,
      "rounded": false,
      "scrolless": false,
      "shadowless": false,
      "unselectable": false,
    },
    "displayName": "Image",
    "render": [Function],
  },
  "Input": Object {
    "$$typeof": Symbol(react.forward_ref),
    "defaultProps": Object {
      "clearfix": false,
      "clipped": false,
      "hidden": false,
      "invisible": false,
      "italic": false,
      "overlay": false,
      "radiusless": false,
      "relative": false,
      "scrolless": false,
      "shadowless": false,
      "type": "text",
      "unselectable": false,
      "value": "",
    },
    "displayName": "Input",
    "render": [Function],
  },
  "InputFile": Object {
    "$$typeof": Symbol(react.forward_ref),
    "defaultProps": Object {
      "boxed": false,
      "clearfix": false,
      "clipped": false,
      "fullwidth": false,
      "hasName": true,
      "hidden": false,
      "invisible": false,
      "italic": false,
      "label": "Choose a file...",
      "overlay": false,
      "radiusless": false,
      "relative": false,
      "right": false,
      "scrolless": false,
      "shadowless": false,
      "unselectable": false,
    },
    "displayName": "InputFile",
    "render": [Function],
  },
  "Label": Object {
    "$$typeof": Symbol(react.forward_ref),
    "defaultProps": Object {
      "clearfix": false,
      "clipped": false,
      "hidden": false,
      "invisible": false,
      "italic": false,
      "overlay": false,
      "radiusless": false,
      "relative": false,
      "scrolless": false,
      "shadowless": false,
      "unselectable": false,
    },
    "displayName": "Label",
    "render": [Function],
  },
  "Level": Object {
    "$$typeof": Symbol(react.forward_ref),
    "defaultProps": Object {
      "clearfix": false,
      "clipped": false,
      "hidden": false,
      "invisible": false,
      "italic": false,
      "overlay": false,
      "radiusless": false,
      "relative": false,
      "scrolless": false,
      "shadowless": false,
      "unselectable": false,
    },
    "displayName": "Level",
    "render": [Function],
  },
  "LevelItem": Object {
    "$$typeof": Symbol(react.forward_ref),
    "defaultProps": Object {
      "clearfix": false,
      "clipped": false,
      "hidden": false,
      "invisible": false,
      "italic": false,
      "overlay": false,
      "radiusless": false,
      "relative": false,
      "scrolless": false,
      "shadowless": false,
      "unselectable": false,
    },
    "displayName": "LevelItem",
    "render": [Function],
  },
  "LevelSide": Object {
    "$$typeof": Symbol(react.forward_ref),
    "defaultProps": Object {
      "align": "left",
      "clearfix": false,
      "clipped": false,
      "hidden": false,
      "invisible": false,
      "italic": false,
      "overlay": false,
      "radiusless": false,
      "relative": false,
      "scrolless": false,
      "shadowless": false,
      "unselectable": false,
    },
    "displayName": "LevelSide",
    "render": [Function],
  },
  "Loader": Object {
    "$$typeof": Symbol(react.forward_ref),
    "defaultProps": Object {
      "clearfix": false,
      "clipped": false,
      "hidden": false,
      "invisible": false,
      "italic": false,
      "overlay": false,
      "radiusless": false,
      "relative": false,
      "scrolless": false,
      "shadowless": false,
      "unselectable": false,
    },
    "displayName": "Loader",
    "render": [Function],
  },
  "Media": Object {
    "$$typeof": Symbol(react.forward_ref),
    "defaultProps": Object {
      "as": "article",
      "clearfix": false,
      "clipped": false,
      "hidden": false,
      "invisible": false,
      "italic": false,
      "overlay": false,
      "radiusless": false,
      "relative": false,
      "scrolless": false,
      "shadowless": false,
      "unselectable": false,
    },
    "displayName": "Media",
    "render": [Function],
  },
  "MediaContent": Object {
    "$$typeof": Symbol(react.forward_ref),
    "defaultProps": Object {
      "clearfix": false,
      "clipped": false,
      "hidden": false,
      "invisible": false,
      "italic": false,
      "overlay": false,
      "radiusless": false,
      "relative": false,
      "scrolless": false,
      "shadowless": false,
      "unselectable": false,
    },
    "displayName": "MediaContent",
    "render": [Function],
  },
  "MediaItem": Object {
    "$$typeof": Symbol(react.forward_ref),
    "defaultProps": Object {
      "clearfix": false,
      "clipped": false,
      "hidden": false,
      "invisible": false,
      "italic": false,
      "overlay": false,
      "position": "center",
      "radiusless": false,
      "relative": false,
      "scrolless": false,
      "shadowless": false,
      "unselectable": false,
    },
    "displayName": "MediaItem",
    "render": [Function],
  },
  "Menu": Object {
    "$$typeof": Symbol(react.forward_ref),
    "defaultProps": Object {
      "as": "aside",
      "clearfix": false,
      "clipped": false,
      "hidden": false,
      "invisible": false,
      "italic": false,
      "overlay": false,
      "radiusless": false,
      "relative": false,
      "scrolless": false,
      "shadowless": false,
      "unselectable": false,
    },
    "displayName": "Menu",
    "render": [Function],
  },
  "MenuList": Object {
    "$$typeof": Symbol(react.forward_ref),
    "defaultProps": Object {
      "clearfix": false,
      "clipped": false,
      "hidden": false,
      "invisible": false,
      "italic": false,
      "overlay": false,
      "radiusless": false,
      "relative": false,
      "scrolless": false,
      "shadowless": false,
      "unselectable": false,
    },
    "displayName": "MenuList",
    "render": [Function],
  },
  "MenuListItem": Object {
    "$$typeof": Symbol(react.forward_ref),
    "defaultProps": Object {
      "active": false,
      "as": "a",
      "clearfix": false,
      "clipped": false,
      "hidden": false,
      "invisible": false,
      "italic": false,
      "overlay": false,
      "radiusless": false,
      "relative": false,
      "scrolless": false,
      "shadowless": false,
      "unselectable": false,
    },
    "displayName": "MenuListItem",
    "render": [Function],
  },
  "Message": Object {
    "$$typeof": Symbol(react.forward_ref),
    "defaultProps": Object {
      "as": "article",
      "clearfix": false,
      "clipped": false,
      "hidden": false,
      "invisible": false,
      "italic": false,
      "overlay": false,
      "radiusless": false,
      "relative": false,
      "scrolless": false,
      "shadowless": false,
      "unselectable": false,
    },
    "displayName": "Message",
    "render": [Function],
  },
  "MessageBody": Object {
    "$$typeof": Symbol(react.forward_ref),
    "defaultProps": Object {
      "clearfix": false,
      "clipped": false,
      "hidden": false,
      "invisible": false,
      "italic": false,
      "overlay": false,
      "radiusless": false,
      "relative": false,
      "scrolless": false,
      "shadowless": false,
      "unselectable": false,
    },
    "displayName": "MessageBody",
    "render": [Function],
  },
  "MessageHeader": Object {
    "$$typeof": Symbol(react.forward_ref),
    "defaultProps": Object {
      "as": "header",
      "clearfix": false,
      "clipped": false,
      "hidden": false,
      "invisible": false,
      "italic": false,
      "overlay": false,
      "radiusless": false,
      "relative": false,
      "scrolless": false,
      "shadowless": false,
      "unselectable": false,
    },
    "displayName": "MessageHeader",
    "render": [Function],
  },
  "Modal": Object {
    "$$typeof": Symbol(react.forward_ref),
    "defaultProps": Object {
      "closeOnBlur": false,
      "closeOnEsc": true,
      "showClose": true,
    },
    "displayName": "Modal",
    "render": [Function],
  },
  "ModalCard": Object {
    "$$typeof": Symbol(react.forward_ref),
    "defaultProps": Object {
      "clearfix": false,
      "clipped": false,
      "hidden": false,
      "invisible": false,
      "italic": false,
      "overlay": false,
      "radiusless": false,
      "relative": false,
      "scrolless": false,
      "shadowless": false,
      "unselectable": false,
    },
    "displayName": "ModalCard",
    "render": [Function],
  },
  "ModalCardBody": Object {
    "$$typeof": Symbol(react.forward_ref),
    "defaultProps": Object {
      "as": "section",
      "clearfix": false,
      "clipped": false,
      "hidden": false,
      "invisible": false,
      "italic": false,
      "overlay": false,
      "radiusless": false,
      "relative": false,
      "scrolless": false,
      "shadowless": false,
      "unselectable": false,
    },
    "displayName": "ModalCardBody",
    "render": [Function],
  },
  "ModalCardFooter": Object {
    "$$typeof": Symbol(react.forward_ref),
    "defaultProps": Object {
      "as": "footer",
      "clearfix": false,
      "clipped": false,
      "hidden": false,
      "invisible": false,
      "italic": false,
      "overlay": false,
      "radiusless": false,
      "relative": false,
      "scrolless": false,
      "shadowless": false,
      "unselectable": false,
    },
    "displayName": "ModalCardFooter",
    "render": [Function],
  },
  "ModalCardHeader": Object {
    "$$typeof": Symbol(react.forward_ref),
    "defaultProps": Object {
      "as": "header",
      "clearfix": false,
      "clipped": false,
      "hidden": false,
      "invisible": false,
      "italic": false,
      "overlay": false,
      "radiusless": false,
      "relative": false,
      "scrolless": false,
      "shadowless": false,
      "unselectable": false,
    },
    "displayName": "ModalCardHeader",
    "render": [Function],
  },
  "ModalCardTitle": Object {
    "$$typeof": Symbol(react.forward_ref),
    "defaultProps": Object {
      "as": "span",
      "clearfix": false,
      "clipped": false,
      "hidden": false,
      "invisible": false,
      "italic": false,
      "overlay": false,
      "radiusless": false,
      "relative": false,
      "scrolless": false,
      "shadowless": false,
      "unselectable": false,
    },
    "displayName": "ModalCardTitle",
    "render": [Function],
  },
  "ModalContent": Object {
    "$$typeof": Symbol(react.forward_ref),
    "defaultProps": Object {
      "clearfix": false,
      "clipped": false,
      "hidden": false,
      "invisible": false,
      "italic": false,
      "overlay": false,
      "radiusless": false,
      "relative": false,
      "scrolless": false,
      "shadowless": false,
      "unselectable": false,
    },
    "displayName": "ModalContent",
    "render": [Function],
  },
  "Navbar": Object {
    "$$typeof": Symbol(react.forward_ref),
    "defaultProps": Object {
      "active": false,
      "as": "nav",
      "clearfix": false,
      "clipped": false,
      "hidden": false,
      "invisible": false,
      "italic": false,
      "overlay": false,
      "radiusless": false,
      "relative": false,
      "scrolless": false,
      "shadowless": false,
      "transparent": false,
      "unselectable": false,
    },
    "displayName": "Navbar",
    "render": [Function],
  },
  "NavbarBrand": Object {
    "$$typeof": Symbol(react.forward_ref),
    "defaultProps": Object {
      "clearfix": false,
      "clipped": false,
      "hidden": false,
      "invisible": false,
      "italic": false,
      "overlay": false,
      "radiusless": false,
      "relative": false,
      "scrolless": false,
      "shadowless": false,
      "unselectable": false,
    },
    "displayName": "NavbarBrand",
    "render": [Function],
  },
  "NavbarBurger": Object {
    "$$typeof": Symbol(react.forward_ref),
    "defaultProps": Object {
      "clearfix": false,
      "clipped": false,
      "hidden": false,
      "invisible": false,
      "italic": false,
      "overlay": false,
      "radiusless": false,
      "relative": false,
      "scrolless": false,
      "shadowless": false,
      "unselectable": false,
    },
    "displayName": "NavbarBurger",
    "render": [Function],
  },
  "NavbarContainer": Object {
    "$$typeof": Symbol(react.forward_ref),
    "defaultProps": Object {
      "clearfix": false,
      "clipped": false,
      "hidden": false,
      "invisible": false,
      "italic": false,
      "overlay": false,
      "position": "start",
      "radiusless": false,
      "relative": false,
      "scrolless": false,
      "shadowless": false,
      "unselectable": false,
    },
    "displayName": "NavbarContainer",
    "render": [Function],
  },
  "NavbarDivider": Object {
    "$$typeof": Symbol(react.forward_ref),
    "defaultProps": Object {
      "clearfix": false,
      "clipped": false,
      "hidden": false,
      "invisible": false,
      "italic": false,
      "overlay": false,
      "radiusless": false,
      "relative": false,
      "scrolless": false,
      "shadowless": false,
      "unselectable": false,
    },
    "displayName": "NavbarDivider",
    "render": [Function],
  },
  "NavbarDropdown": Object {
    "$$typeof": Symbol(react.forward_ref),
    "defaultProps": Object {
      "as": "span",
      "boxed": false,
      "clearfix": false,
      "clipped": false,
      "hidden": false,
      "invisible": false,
      "italic": false,
      "overlay": false,
      "radiusless": false,
      "relative": false,
      "right": false,
      "scrolless": false,
      "shadowless": false,
      "unselectable": false,
    },
    "displayName": "NavbarDropdown",
    "render": [Function],
  },
  "NavbarItem": Object {
    "$$typeof": Symbol(react.forward_ref),
    "defaultProps": Object {
      "active": false,
      "as": "a",
      "clearfix": false,
      "clipped": false,
      "dropdown": false,
      "dropdownUp": false,
      "hidden": false,
      "hoverable": false,
      "invisible": false,
      "italic": false,
      "overlay": false,
      "radiusless": false,
      "relative": false,
      "scrolless": false,
      "shadowless": false,
      "unselectable": false,
    },
    "displayName": "NavbarItem",
    "render": [Function],
  },
  "NavbarLink": Object {
    "$$typeof": Symbol(react.forward_ref),
    "defaultProps": Object {
      "as": "span",
      "clearfix": false,
      "clipped": false,
      "hidden": false,
      "invisible": false,
      "italic": false,
      "overlay": false,
      "radiusless": false,
      "relative": false,
      "scrolless": false,
      "shadowless": false,
      "unselectable": false,
    },
    "displayName": "NavbarLink",
    "render": [Function],
  },
  "NavbarMenu": Object {
    "$$typeof": Symbol(react.forward_ref),
    "defaultProps": Object {
      "clearfix": false,
      "clipped": false,
      "hidden": false,
      "invisible": false,
      "italic": false,
      "overlay": false,
      "radiusless": false,
      "relative": false,
      "scrolless": false,
      "shadowless": false,
      "unselectable": false,
    },
    "displayName": "NavbarMenu",
    "render": [Function],
  },
  "Notification": Object {
    "$$typeof": Symbol(react.forward_ref),
    "defaultProps": Object {
      "clearfix": false,
      "clipped": false,
      "hidden": false,
      "invisible": false,
      "italic": false,
      "overlay": false,
      "radiusless": false,
      "relative": false,
      "scrolless": false,
      "shadowless": false,
      "unselectable": false,
    },
    "displayName": "Notification",
    "render": [Function],
  },
  "Pagination": Object {
    "$$typeof": Symbol(react.forward_ref),
    "defaultProps": Object {
      "as": "nav",
      "clearfix": false,
      "clipped": false,
      "current": 0,
      "delta": 5,
      "hidden": false,
      "invisible": false,
      "italic": false,
      "next": "Next",
      "onChange": [Function],
      "overlay": false,
      "previous": "Previous",
      "radiusless": false,
      "relative": false,
      "rounded": false,
      "scrolless": false,
      "shadowless": false,
      "showPrevNext": false,
      "total": 1,
      "unselectable": false,
    },
    "displayName": "Pagination",
    "render": [Function],
  },
  "Panel": Object {
    "$$typeof": Symbol(react.forward_ref),
    "defaultProps": Object {
      "as": "nav",
      "clearfix": false,
      "clipped": false,
      "hidden": false,
      "invisible": false,
      "italic": false,
      "overlay": false,
      "radiusless": false,
      "relative": false,
      "scrolless": false,
      "shadowless": false,
      "unselectable": false,
    },
    "displayName": "Panel",
    "render": [Function],
  },
  "PanelBlock": Object {
    "$$typeof": Symbol(react.forward_ref),
    "defaultProps": Object {
      "active": false,
      "clearfix": false,
      "clipped": false,
      "hidden": false,
      "invisible": false,
      "italic": false,
      "overlay": false,
      "radiusless": false,
      "relative": false,
      "scrolless": false,
      "shadowless": false,
      "unselectable": false,
    },
    "displayName": "PanelBlock",
    "render": [Function],
  },
  "PanelHeading": Object {
    "$$typeof": Symbol(react.forward_ref),
    "defaultProps": Object {
      "clearfix": false,
      "clipped": false,
      "hidden": false,
      "invisible": false,
      "italic": false,
      "overlay": false,
      "radiusless": false,
      "relative": false,
      "scrolless": false,
      "shadowless": false,
      "unselectable": false,
    },
    "displayName": "PanelHeading",
    "render": [Function],
  },
  "PanelIcon": Object {
    "$$typeof": Symbol(react.forward_ref),
    "defaultProps": Object {
      "as": "span",
      "clearfix": false,
      "clipped": false,
      "hidden": false,
      "invisible": false,
      "italic": false,
      "overlay": false,
      "radiusless": false,
      "relative": false,
      "scrolless": false,
      "shadowless": false,
      "unselectable": false,
    },
    "displayName": "PanelIcon",
    "render": [Function],
  },
  "PanelTab": Object {
    "$$typeof": Symbol(react.forward_ref),
    "defaultProps": Object {
      "active": false,
      "as": "a",
      "clearfix": false,
      "clipped": false,
      "hidden": false,
      "invisible": false,
      "italic": false,
      "overlay": false,
      "radiusless": false,
      "relative": false,
      "scrolless": false,
      "shadowless": false,
      "unselectable": false,
    },
    "displayName": "PanelTab",
    "render": [Function],
  },
  "PanelTabs": Object {
    "$$typeof": Symbol(react.forward_ref),
    "defaultProps": Object {
      "clearfix": false,
      "clipped": false,
      "hidden": false,
      "invisible": false,
      "italic": false,
      "overlay": false,
      "radiusless": false,
      "relative": false,
      "scrolless": false,
      "shadowless": false,
      "unselectable": false,
    },
    "displayName": "PanelTabs",
    "render": [Function],
  },
  "Progress": Object {
    "$$typeof": Symbol(react.forward_ref),
    "defaultProps": Object {
      "clearfix": false,
      "clipped": false,
      "hidden": false,
      "invisible": false,
      "italic": false,
      "max": 100,
      "overlay": false,
      "radiusless": false,
      "relative": false,
      "scrolless": false,
      "shadowless": false,
      "unselectable": false,
    },
    "displayName": "Progress",
    "render": [Function],
  },
  "Radio": Object {
    "$$typeof": Symbol(react.forward_ref),
    "defaultProps": Object {
      "checked": false,
      "clearfix": false,
      "clipped": false,
      "hidden": false,
      "invisible": false,
      "italic": false,
      "overlay": false,
      "radiusless": false,
      "relative": false,
      "scrolless": false,
      "shadowless": false,
      "unselectable": false,
    },
    "displayName": "Radio",
    "render": [Function],
  },
  "Section": Object {
    "$$typeof": Symbol(react.forward_ref),
    "defaultProps": Object {
      "as": "section",
      "clearfix": false,
      "clipped": false,
      "hidden": false,
      "invisible": false,
      "italic": false,
      "overlay": false,
      "radiusless": false,
      "relative": false,
      "scrolless": false,
      "shadowless": false,
      "unselectable": false,
    },
    "displayName": "Section",
    "render": [Function],
  },
  "Select": Object {
    "$$typeof": Symbol(react.forward_ref),
    "defaultProps": Object {
      "clearfix": false,
      "clipped": false,
      "empty": false,
      "hidden": false,
      "invisible": false,
      "italic": false,
      "loading": false,
      "multiple": false,
      "overlay": false,
      "radiusless": false,
      "relative": false,
      "rounded": false,
      "scrolless": false,
      "shadowless": false,
      "unselectable": false,
      "value": "",
    },
    "displayName": "Select",
    "render": [Function],
  },
  "Switch": Object {
    "$$typeof": Symbol(react.forward_ref),
    "defaultProps": Object {
      "checked": false,
      "clearfix": false,
      "clipped": false,
      "hidden": false,
      "invisible": false,
      "italic": false,
      "overlay": false,
      "radiusless": false,
      "relative": false,
      "scrolless": false,
      "shadowless": false,
      "unselectable": false,
    },
    "displayName": "Switch",
    "render": [Function],
  },
  "Tab": Object {
    "$$typeof": Symbol(react.forward_ref),
    "defaultProps": Object {
      "active": false,
      "as": "a",
      "clearfix": false,
      "clipped": false,
      "hidden": false,
      "invisible": false,
      "italic": false,
      "overlay": false,
      "radiusless": false,
      "relative": false,
      "scrolless": false,
      "shadowless": false,
      "unselectable": false,
    },
    "displayName": "Tab",
    "render": [Function],
  },
  "Table": Object {
    "$$typeof": Symbol(react.forward_ref),
    "defaultProps": Object {
      "bordered": false,
      "clearfix": false,
      "clipped": false,
      "hidden": false,
      "hoverable": false,
      "invisible": false,
      "italic": false,
      "overlay": false,
      "radiusless": false,
      "relative": false,
      "scrolless": false,
      "shadowless": false,
      "striped": false,
      "unselectable": false,
    },
    "displayName": "Table",
    "render": [Function],
  },
  "Tabs": Object {
    "$$typeof": Symbol(react.forward_ref),
    "defaultProps": Object {
      "as": "nav",
      "clearfix": false,
      "clipped": false,
      "fullwidth": false,
      "hidden": false,
      "invisible": false,
      "italic": false,
      "overlay": false,
      "radiusless": false,
      "relative": false,
      "scrolless": false,
      "shadowless": false,
      "unselectable": false,
    },
    "displayName": "Tabs",
    "render": [Function],
  },
  "Tag": Object {
    "$$typeof": Symbol(react.forward_ref),
    "defaultProps": Object {
      "clearfix": false,
      "clipped": false,
      "close": false,
      "ellipsis": false,
      "hidden": false,
      "invisible": false,
      "italic": false,
      "overlay": false,
      "radiusless": false,
      "relative": false,
      "remove": false,
      "rounded": false,
      "scrolless": false,
      "shadowless": false,
      "unselectable": false,
    },
    "displayName": "Tag",
    "render": [Function],
  },
  "Tags": Object {
    "$$typeof": Symbol(react.forward_ref),
    "defaultProps": Object {
      "clearfix": false,
      "clipped": false,
      "gapless": false,
      "hidden": false,
      "invisible": false,
      "italic": false,
      "overlay": false,
      "radiusless": false,
      "relative": false,
      "scrolless": false,
      "shadowless": false,
      "unselectable": false,
    },
    "displayName": "Tags",
    "render": [Function],
  },
  "Text": Object {
    "$$typeof": Symbol(react.forward_ref),
    "defaultProps": Object {
      "as": "p",
      "clearfix": false,
      "clipped": false,
      "hidden": false,
      "invisible": false,
      "italic": false,
      "overlay": false,
      "radiusless": false,
      "relative": false,
      "scrolless": false,
      "shadowless": false,
      "unselectable": false,
    },
    "displayName": "Text",
    "render": [Function],
  },
  "Textarea": Object {
    "$$typeof": Symbol(react.forward_ref),
    "defaultProps": Object {
      "clearfix": false,
      "clipped": false,
      "hidden": false,
      "invisible": false,
      "italic": false,
      "overlay": false,
      "radiusless": false,
      "relative": false,
      "rows": 4,
      "scrolless": false,
      "shadowless": false,
      "unselectable": false,
    },
    "displayName": "Textarea",
    "render": [Function],
  },
  "Tile": Object {
    "$$typeof": Symbol(react.forward_ref),
    "defaultProps": Object {
      "clearfix": false,
      "clipped": false,
      "hidden": false,
      "invisible": false,
      "italic": false,
      "notification": false,
      "overlay": false,
      "radiusless": false,
      "relative": false,
      "scrolless": false,
      "shadowless": false,
      "unselectable": false,
      "vertical": false,
    },
    "displayName": "Tile",
    "render": [Function],
  },
  "Title": Object {
    "$$typeof": Symbol(react.forward_ref),
    "defaultProps": Object {
      "as": "h1",
      "clearfix": false,
      "clipped": false,
      "hidden": false,
      "invisible": false,
      "italic": false,
      "overlay": false,
      "radiusless": false,
      "relative": false,
      "scrolless": false,
      "shadowless": false,
      "spaced": false,
      "subtitle": false,
      "title": true,
      "unselectable": false,
    },
    "displayName": "Title",
    "render": [Function],
  },
}
`;
