// Jest Snapshot v1, https://goo.gl/fbAQLP

exports[`ReactBulmaComponents component should Exports all components 1`] = `
Object {
  "Box": [Function],
  "Breadcrumb": [Function],
  "Button": [Function],
  "Card": [Function],
  "Checkbox": [Function],
  "Columns": [Function],
  "Container": [Function],
  "Content": [Function],
  "Control": [Function],
  "Dropdown": [Function],
  "Element": [Function],
  "Field": [Function],
  "Footer": [Function],
  "Heading": [Function],
  "Help": [Function],
  "Hero": [Function],
  "Icon": [Function],
  "Image": [Function],
  "Input": [Function],
  "InputFile": [Function],
  "Label": [Function],
  "Level": [Function],
  "Loader": [Function],
  "Media": [Function],
  "Menu": [Function],
  "Message": [Function],
  "Modal": [Function],
  "Navbar": [Function],
  "Notification": [Function],
  "Pagination": [Function],
  "Panel": Object {
    "$$typeof": Symbol(react.forward_ref),
    "Block": [Function],
    "Header": [Function],
    "Icon": [Function],
    "Tabs": [Function],
    "defaultProps": Object {
      "clearfix": false,
      "clipped": false,
      "hidden": false,
      "invisible": false,
      "italic": false,
      "marginless": false,
      "overlay": false,
      "paddingless": false,
      "radiusless": false,
      "renderAs": "nav",
      "responsive": undefined,
      "shadowless": false,
      "unselectable": false,
    },
    "propTypes": Object {
      "backgroundColor": [Function],
      "className": [Function],
      "clearfix": [Function],
      "clipped": [Function],
      "hidden": [Function],
      "invisible": [Function],
      "italic": [Function],
      "marginless": [Function],
      "overlay": [Function],
      "paddingless": [Function],
      "pull": [Function],
      "radiusless": [Function],
      "renderAs": [Function],
      "responsive": [Function],
      "shadowless": [Function],
      "textAlignment": [Function],
      "textColor": [Function],
      "textSize": [Function],
      "textTransform": [Function],
      "textWeight": [Function],
      "unselectable": [Function],
    },
    "render": [Function],
  },
  "Progress": [Function],
  "Radio": [Function],
  "Section": [Function],
  "Select": [Function],
  "Switch": [Function],
  "Table": [Function],
  "Tabs": [Function],
  "Tag": [Function],
  "Textarea": [Function],
  "Tile": [Function],
  "getHtmlClasses": [Function],
}
`;
