// Jest Snapshot v1, https://goo.gl/fbAQLP

exports[`ReactBulmaComponents component should Exports all components 1`] = `
Object {
  "Box": [Function],
  "Breadcrumb": [Function],
  "Button": [Function],
  "Card": [Function],
  "Checkbox": [Function],
  "Columns": [Function],
  "Container": [Function],
  "Content": [Function],
  "Control": [Function],
  "Dropdown": [Function],
  "Element": [Function],
  "Field": [Function],
  "Footer": [Function],
  "Heading": [Function],
  "Help": [Function],
  "Hero": [Function],
  "Icon": [Function],
  "Image": [Function],
  "Input": [Function],
  "InputFile": [Function],
  "Label": [Function],
  "Level": [Function],
  "Loader": [Function],
  "Media": [Function],
  "Menu": [Function],
  "Message": [Function],
  "Modal": [Function],
  "Navbar": [Function],
  "Notification": [Function],
  "Pagination": [Function],
  "Panel": [Function],
  "Progress": [Function],
  "Radio": [Function],
  "Section": [Function],
  "Select": [Function],
  "Switch": [Function],
  "Table": [Function],
  "Tabs": [Function],
  "Tag": [Function],
  "Textarea": [Function],
  "Tile": [Function],
  "getHtmlClasses": [Function],
}
`;
